=== TESTING PLAN - Products Translation System ===

Date: 2025-10-15 14:28:01

TEST 1: Admin - Create Product with Auto-Translate ES->EN
TEST 2: Admin - Bidirectional Translation EN->ES
TEST 3: Admin - Preview Language Switching
TEST 4: Web Publica - Language Toggle
TEST 5: Web Publica - Product Detail Language

